[0.000000] (-) TimerEvent: {}
[0.000642] (-) JobUnselected: {'identifier': 'robotiq_controllers'}
[0.000673] (-) JobUnselected: {'identifier': 'robotiq_description'}
[0.000688] (-) JobUnselected: {'identifier': 'ur3e_spawn_gripper_moveit_config'}
[0.000700] (-) JobUnselected: {'identifier': 'ur_description'}
[0.000713] (-) JobUnselected: {'identifier': 'ur_simulation_gazebo'}
[0.000728] (ur_sim) JobQueued: {'identifier': 'ur_sim', 'dependencies': OrderedDict()}
[0.000749] (ur_sim) JobStarted: {'identifier': 'ur_sim'}
[0.012824] (ur_sim) JobProgress: {'identifier': 'ur_sim', 'progress': 'cmake'}
[0.014202] (ur_sim) Command: {'cmd': ['/usr/bin/cmake', '/home/chintu/ur_ws/src/ur_sim', '-DCMAKE_INSTALL_PREFIX=/home/chintu/ur_ws/install/ur_sim'], 'cwd': '/home/chintu/ur_ws/build/ur_sim', 'env': OrderedDict([('GJS_DEBUG_TOPICS', 'JS ERROR;JS LOG'), ('LESSOPEN', '| /usr/bin/lesspipe %s'), ('LANGUAGE', 'en_IN:en'), ('USER', 'chintu'), ('FONTCONFIG_PATH', '/etc/fonts'), ('GIO_MODULE_DIR', '/home/chintu/snap/code/common/.cache/gio-modules'), ('XDG_SESSION_TYPE', 'wayland'), ('GIT_ASKPASS', '/snap/code/205/usr/share/code/resources/app/extensions/git/dist/askpass.sh'), ('GTK_EXE_PREFIX_VSCODE_SNAP_ORIG', ''), ('GDK_BACKEND_VSCODE_SNAP_ORIG', ''), ('SHLVL', '1'), ('LD_LIBRARY_PATH', '/usr/lib/x86_64-linux-gnu/gazebo-11/plugins:/opt/ros/humble/opt/rviz_ogre_vendor/lib:/opt/ros/humble/lib/x86_64-linux-gnu:/opt/ros/humble/lib:/usr/share/gazebo/../../lib/x86_64-linux-gnu/gazebo-11/plugins:'), ('HOME', '/home/chintu'), ('CHROME_DESKTOP', 'code.desktop'), ('LOCPATH_VSCODE_SNAP_ORIG', ''), ('OLDPWD', '/home/chintu/ur_ws'), ('TERM_PROGRAM_VERSION', '1.103.2'), ('DESKTOP_SESSION', 'ubuntu'), ('GTK_PATH', '/snap/code/205/usr/lib/x86_64-linux-gnu/gtk-3.0'), ('XDG_DATA_HOME_VSCODE_SNAP_ORIG', ''), ('GTK_IM_MODULE_FILE', '/home/chintu/snap/code/common/.cache/immodules/immodules.cache'), ('GIO_LAUNCHED_DESKTOP_FILE', '/var/lib/snapd/desktop/applications/code_code.desktop'), ('GAZEBO_MASTER_URI', 'http://localhost:11345'), ('ROS_PYTHON_VERSION', '3'), ('GNOME_SHELL_SESSION_MODE', 'ubuntu'), ('GTK_MODULES', 'gail:atk-bridge'), ('GSETTINGS_SCHEMA_DIR_VSCODE_SNAP_ORIG', ''), ('VSCODE_GIT_ASKPASS_MAIN', '/snap/code/205/usr/share/code/resources/app/extensions/git/dist/askpass-main.js'), ('VSCODE_GIT_ASKPASS_NODE', '/snap/code/205/usr/share/code/code'), ('MANAGERPID', '1607'), ('SYSTEMD_EXEC_PID', '1782'), ('IM_CONFIG_CHECK_ENV', '1'), ('DBUS_SESSION_BUS_ADDRESS', 'unix:path=/run/user/1000/bus'), ('COLORTERM', 'truecolor'), ('GIO_LAUNCHED_DESKTOP_FILE_PID', '2431'), ('IM_CONFIG_PHASE', '1'), ('WAYLAND_DISPLAY', 'wayland-0'), ('COLCON_PREFIX_PATH', '/home/chintu/traffic_ws/install'), ('ROS_DISTRO', 'humble'), ('LOGNAME', 'chintu'), ('JOURNAL_STREAM', '8:11203'), ('_', '/usr/bin/colcon'), ('ROS_VERSION', '2'), ('XDG_CONFIG_DIRS_VSCODE_SNAP_ORIG', '/etc/xdg/xdg-ubuntu:/etc/xdg'), ('XDG_SESSION_CLASS', 'user'), ('XDG_DATA_DIRS_VSCODE_SNAP_ORIG', '/usr/share/ubuntu:/usr/local/share/:/usr/share/:/var/lib/snapd/desktop'), ('USERNAME', 'chintu'), ('TERM', 'xterm-256color'), ('GAZEBO_MODEL_PATH', '/usr/share/gazebo/../../share/gazebo-11/models::/home/chintu/traffic_ws/src/QCAR/models:/home/chintu/traffic_ws/src/qcar_traffic/models'), ('GNOME_DESKTOP_SESSION_ID', 'this-is-deprecated'), ('ROS_LOCALHOST_ONLY', '0'), ('OGRE_RESOURCE_PATH', '/usr/lib/x86_64-linux-gnu/OGRE-1.9.0'), ('PATH', '/home/chintu/traffic_ws/install/qcar_yolo/bin:/opt/ros/humble/bin:/usr/local/sbin:/usr/local/bin:/usr/sbin:/usr/bin:/sbin:/bin:/usr/games:/usr/local/games:/snap/bin:/snap/bin:/home/chintu/.config/Code/User/globalStorage/github.copilot-chat/debugCommand'), ('SESSION_MANAGER', 'local/chintu-HP-Laptop-15-fc0xxx:@/tmp/.ICE-unix/1754,unix/chintu-HP-Laptop-15-fc0xxx:/tmp/.ICE-unix/1754'), ('GTK_EXE_PREFIX', '/snap/code/205/usr'), ('INVOCATION_ID', '3f22b92ba2b84c0199389bbd539f83d9'), ('XDG_MENU_PREFIX', 'gnome-'), ('BAMF_DESKTOP_FILE_HINT', '/var/lib/snapd/desktop/applications/code_code.desktop'), ('GNOME_SETUP_DISPLAY', ':1'), ('XDG_RUNTIME_DIR', '/run/user/1000'), ('GDK_BACKEND', 'x11'), ('DISPLAY', ':0'), ('LOCPATH', '/snap/code/205/usr/lib/locale'), ('LANG', 'en_US.UTF-8'), ('XDG_CURRENT_DESKTOP', 'Unity'), ('GIO_MODULE_DIR_VSCODE_SNAP_ORIG', ''), ('XDG_DATA_HOME', '/home/chintu/snap/code/205/.local/share'), ('XMODIFIERS', '@im=ibus'), ('XDG_SESSION_DESKTOP', 'ubuntu'), ('XAUTHORITY', '/run/user/1000/.mutter-Xwaylandauth.CNB4B3'), ('LS_COLORS', 'rs=0:di=01;34:ln=01;36:mh=00:pi=40;33:so=01;35:do=01;35:bd=40;33;01:cd=40;33;01:or=40;31;01:mi=00:su=37;41:sg=30;43:ca=30;41:tw=30;42:ow=34;42:st=37;44:ex=01;32:*.tar=01;31:*.tgz=01;31:*.arc=01;31:*.arj=01;31:*.taz=01;31:*.lha=01;31:*.lz4=01;31:*.lzh=01;31:*.lzma=01;31:*.tlz=01;31:*.txz=01;31:*.tzo=01;31:*.t7z=01;31:*.zip=01;31:*.z=01;31:*.dz=01;31:*.gz=01;31:*.lrz=01;31:*.lz=01;31:*.lzo=01;31:*.xz=01;31:*.zst=01;31:*.tzst=01;31:*.bz2=01;31:*.bz=01;31:*.tbz=01;31:*.tbz2=01;31:*.tz=01;31:*.deb=01;31:*.rpm=01;31:*.jar=01;31:*.war=01;31:*.ear=01;31:*.sar=01;31:*.rar=01;31:*.alz=01;31:*.ace=01;31:*.zoo=01;31:*.cpio=01;31:*.7z=01;31:*.rz=01;31:*.cab=01;31:*.wim=01;31:*.swm=01;31:*.dwm=01;31:*.esd=01;31:*.jpg=01;35:*.jpeg=01;35:*.mjpg=01;35:*.mjpeg=01;35:*.gif=01;35:*.bmp=01;35:*.pbm=01;35:*.pgm=01;35:*.ppm=01;35:*.tga=01;35:*.xbm=01;35:*.xpm=01;35:*.tif=01;35:*.tiff=01;35:*.png=01;35:*.svg=01;35:*.svgz=01;35:*.mng=01;35:*.pcx=01;35:*.mov=01;35:*.mpg=01;35:*.mpeg=01;35:*.m2v=01;35:*.mkv=01;35:*.webm=01;35:*.webp=01;35:*.ogm=01;35:*.mp4=01;35:*.m4v=01;35:*.mp4v=01;35:*.vob=01;35:*.qt=01;35:*.nuv=01;35:*.wmv=01;35:*.asf=01;35:*.rm=01;35:*.rmvb=01;35:*.flc=01;35:*.avi=01;35:*.fli=01;35:*.flv=01;35:*.gl=01;35:*.dl=01;35:*.xcf=01;35:*.xwd=01;35:*.yuv=01;35:*.cgm=01;35:*.emf=01;35:*.ogv=01;35:*.ogx=01;35:*.aac=00;36:*.au=00;36:*.flac=00;36:*.m4a=00;36:*.mid=00;36:*.midi=00;36:*.mka=00;36:*.mp3=00;36:*.mpc=00;36:*.ogg=00;36:*.ra=00;36:*.wav=00;36:*.oga=00;36:*.opus=00;36:*.spx=00;36:*.xspf=00;36:'), ('VSCODE_GIT_IPC_HANDLE', '/run/user/1000/vscode-git-b5a34efcb6.sock'), ('TERM_PROGRAM', 'vscode'), ('SSH_AGENT_LAUNCHER', 'gnome-keyring'), ('SSH_AUTH_SOCK', '/run/user/1000/keyring/ssh'), ('GSETTINGS_SCHEMA_DIR', '/home/chintu/snap/code/205/.local/share/glib-2.0/schemas'), ('AMENT_PREFIX_PATH', '/home/chintu/traffic_ws/install/qcar_yolo:/home/chintu/traffic_ws/install/qcar_traffic:/home/chintu/traffic_ws/install/qcar_track:/home/chintu/traffic_ws/install/qcar_slam:/home/chintu/traffic_ws/install/qcar_cv:/home/chintu/traffic_ws/install/qcar:/opt/ros/humble'), ('ORIGINAL_XDG_CURRENT_DESKTOP', 'ubuntu:GNOME'), ('SHELL', '/bin/bash'), ('QT_ACCESSIBILITY', '1'), ('GDMSESSION', 'ubuntu'), ('LESSCLOSE', '/usr/bin/lesspipe %s %s'), ('GTK_PATH_VSCODE_SNAP_ORIG', ''), ('FONTCONFIG_FILE', '/etc/fonts/fonts.conf'), ('GTK_IM_MODULE_FILE_VSCODE_SNAP_ORIG', ''), ('GAZEBO_RESOURCE_PATH', '/usr/share/gazebo/../../share/gazebo-11:'), ('GJS_DEBUG_OUTPUT', 'stderr'), ('GAZEBO_MODEL_DATABASE_URI', 'http://models.gazebosim.org'), ('VSCODE_GIT_ASKPASS_EXTRA_ARGS', ''), ('GIT_PAGER', 'cat'), ('QT_IM_MODULE', 'ibus'), ('PWD', '/home/chintu/ur_ws/build/ur_sim'), ('LC_ALL', 'en_US.UTF-8'), ('XDG_CONFIG_DIRS', '/etc/xdg/xdg-ubuntu:/etc/xdg'), ('GAZEBO_PLUGIN_PATH', '/usr/share/gazebo/../../lib/x86_64-linux-gnu/gazebo-11/plugins:'), ('XDG_DATA_DIRS', '/home/chintu/snap/code/205/.local/share:/home/chintu/snap/code/205:/snap/code/205/usr/share:/usr/share/ubuntu:/usr/local/share/:/usr/share/:/var/lib/snapd/desktop'), ('PYTHONPATH', '/home/chintu/traffic_ws/install/qcar_yolo/lib/python3.10/site-packages:/home/chintu/traffic_ws/install/qcar_cv/lib/python3.10/site-packages:/opt/ros/humble/lib/python3.10/site-packages:/opt/ros/humble/local/lib/python3.10/dist-packages'), ('COLCON', '1'), ('CMAKE_PREFIX_PATH', '/home/chintu/traffic_ws/install/qcar_traffic:/home/chintu/traffic_ws/install/qcar_track:/home/chintu/traffic_ws/install/qcar_slam:/home/chintu/traffic_ws/install/qcar')]), 'shell': False}
[0.037859] (ur_sim) StdoutLine: {'line': b'-- Found ament_cmake: 1.3.12 (/opt/ros/humble/share/ament_cmake/cmake)\n'}
[0.099347] (-) TimerEvent: {}
[0.199845] (-) TimerEvent: {}
[0.242501] (ur_sim) StdoutLine: {'line': b'-- Override CMake install command with custom implementation using symlinks instead of copying resources\n'}
[0.258025] (ur_sim) StdoutLine: {'line': b'-- Found rclpy: 3.3.17 (/opt/ros/humble/share/rclpy/cmake)\n'}
[0.258580] (ur_sim) StdoutLine: {'line': b'-- Found xacro: 2.0.13 (/opt/ros/humble/share/xacro/cmake)\n'}
[0.258908] (ur_sim) StdoutLine: {'line': b'-- Found rclcpp: 16.0.14 (/opt/ros/humble/share/rclcpp/cmake)\n'}
[0.293024] (ur_sim) StdoutLine: {'line': b'-- Found rosidl_generator_c: 3.1.7 (/opt/ros/humble/share/rosidl_generator_c/cmake)\n'}
[0.295871] (ur_sim) StdoutLine: {'line': b'-- Found rosidl_adapter: 3.1.7 (/opt/ros/humble/share/rosidl_adapter/cmake)\n'}
[0.300018] (-) TimerEvent: {}
[0.304510] (ur_sim) StdoutLine: {'line': b'-- Found rosidl_generator_cpp: 3.1.7 (/opt/ros/humble/share/rosidl_generator_cpp/cmake)\n'}
[0.316345] (ur_sim) StdoutLine: {'line': b'-- Using all available rosidl_typesupport_c: rosidl_typesupport_fastrtps_c;rosidl_typesupport_introspection_c\n'}
[0.340403] (ur_sim) StdoutLine: {'line': b'-- Using all available rosidl_typesupport_cpp: rosidl_typesupport_fastrtps_cpp;rosidl_typesupport_introspection_cpp\n'}
[0.389269] (ur_sim) StdoutLine: {'line': b'-- Found rmw_implementation_cmake: 6.1.2 (/opt/ros/humble/share/rmw_implementation_cmake/cmake)\n'}
[0.391207] (ur_sim) StdoutLine: {'line': b'-- Found rmw_fastrtps_cpp: 6.2.8 (/opt/ros/humble/share/rmw_fastrtps_cpp/cmake)\n'}
[0.400652] (-) TimerEvent: {}
[0.501522] (-) TimerEvent: {}
[0.564896] (ur_sim) StdoutLine: {'line': b"-- Using RMW implementation 'rmw_fastrtps_cpp' as default\n"}
[0.601698] (-) TimerEvent: {}
[0.612409] (ur_sim) StdoutLine: {'line': b'-- Found trajectory_msgs: 4.9.0 (/opt/ros/humble/share/trajectory_msgs/cmake)\n'}
[0.701840] (-) TimerEvent: {}
[0.735087] (ur_sim) StderrLine: {'line': b"Error parsing '/home/chintu/ur_ws/src/ur_sim/package.xml':\n"}
[0.797845] (ur_sim) StderrLine: {'line': b'Traceback (most recent call last):\n'}
[0.798215] (ur_sim) StderrLine: {'line': b'  File "/usr/lib/python3/dist-packages/catkin_pkg/package.py", line 610, in parse_package_string\n'}
[0.798353] (ur_sim) StderrLine: {'line': b'    root = dom.parseString(data)\n'}
[0.798520] (ur_sim) StderrLine: {'line': b'  File "/usr/lib/python3.10/xml/dom/minidom.py", line 2000, in parseString\n'}
[0.798636] (ur_sim) StderrLine: {'line': b'    return expatbuilder.parseString(string)\n'}
[0.798744] (ur_sim) StderrLine: {'line': b'  File "/usr/lib/python3.10/xml/dom/expatbuilder.py", line 925, in parseString\n'}
[0.798798] (ur_sim) StderrLine: {'line': b'    return builder.parseString(string)\n'}
[0.798844] (ur_sim) StderrLine: {'line': b'  File "/usr/lib/python3.10/xml/dom/expatbuilder.py", line 223, in parseString\n'}
[0.798889] (ur_sim) StderrLine: {'line': b'    parser.Parse(string, True)\n'}
[0.798932] (ur_sim) StderrLine: {'line': b'xml.parsers.expat.ExpatError: no element found: line 1, column 0\n'}
[0.798977] (ur_sim) StderrLine: {'line': b'\n'}
[0.799021] (ur_sim) StderrLine: {'line': b'During handling of the above exception, another exception occurred:\n'}
[0.799064] (ur_sim) StderrLine: {'line': b'\n'}
[0.799107] (ur_sim) StderrLine: {'line': b'Traceback (most recent call last):\n'}
[0.799151] (ur_sim) StderrLine: {'line': b'  File "/opt/ros/humble/share/ament_cmake_core/cmake/core/package_xml_2_cmake.py", line 150, in <module>\n'}
[0.799196] (ur_sim) StderrLine: {'line': b'    main()\n'}
[0.799244] (ur_sim) StderrLine: {'line': b'  File "/opt/ros/humble/share/ament_cmake_core/cmake/core/package_xml_2_cmake.py", line 53, in main\n'}
[0.799303] (ur_sim) StderrLine: {'line': b'    raise e\n'}
[0.799363] (ur_sim) StderrLine: {'line': b'  File "/opt/ros/humble/share/ament_cmake_core/cmake/core/package_xml_2_cmake.py", line 49, in main\n'}
[0.799430] (ur_sim) StderrLine: {'line': b'    package = parse_package_string(\n'}
[0.799490] (ur_sim) StderrLine: {'line': b'  File "/usr/lib/python3/dist-packages/catkin_pkg/package.py", line 612, in parse_package_string\n'}
[0.799546] (ur_sim) StderrLine: {'line': b"    raise InvalidPackage('The manifest contains invalid XML:\\n%s' % ex, filename)\n"}
[0.799683] (ur_sim) StderrLine: {'line': b"catkin_pkg.package.InvalidPackage: Error(s) in package '/home/chintu/ur_ws/src/ur_sim/package.xml':\n"}
[0.799735] (ur_sim) StderrLine: {'line': b'The manifest contains invalid XML:\n'}
[0.799778] (ur_sim) StderrLine: {'line': b'no element found: line 1, column 0\n'}
[0.801964] (-) TimerEvent: {}
[0.854393] (ur_sim) StderrLine: {'line': b'\x1b[31mCMake Error at /opt/ros/humble/share/ament_cmake_core/cmake/core/ament_package_xml.cmake:95 (message):\n'}
[0.854742] (ur_sim) StderrLine: {'line': b'  execute_process(/usr/bin/python3\n'}
[0.854858] (ur_sim) StderrLine: {'line': b'  /opt/ros/humble/share/ament_cmake_core/cmake/core/package_xml_2_cmake.py\n'}
[0.854997] (ur_sim) StderrLine: {'line': b'  /home/chintu/ur_ws/src/ur_sim/package.xml\n'}
[0.855095] (ur_sim) StderrLine: {'line': b'  /home/chintu/ur_ws/build/ur_sim/ament_cmake_core/package.cmake) returned\n'}
[0.855193] (ur_sim) StderrLine: {'line': b'  error code 1\n'}
[0.855288] (ur_sim) StderrLine: {'line': b'Call Stack (most recent call first):\n'}
[0.855384] (ur_sim) StderrLine: {'line': b'  /opt/ros/humble/share/ament_cmake_core/cmake/core/ament_package_xml.cmake:49 (_ament_package_xml)\n'}
[0.855481] (ur_sim) StderrLine: {'line': b'  /opt/ros/humble/share/ament_cmake_python/cmake/ament_python_install_package.cmake:60 (ament_package_xml)\n'}
[0.855575] (ur_sim) StderrLine: {'line': b'  /opt/ros/humble/share/ament_cmake_python/cmake/ament_python_install_package.cmake:39 (_ament_cmake_python_install_package)\n'}
[0.855700] (ur_sim) StderrLine: {'line': b'  CMakeLists.txt:18 (ament_python_install_package)\n'}
[0.855799] (ur_sim) StderrLine: {'line': b'\n'}
[0.855914] (ur_sim) StderrLine: {'line': b'\x1b[0m\n'}
[0.856038] (ur_sim) StdoutLine: {'line': b'-- Configuring incomplete, errors occurred!\n'}
[0.856111] (ur_sim) StdoutLine: {'line': b'See also "/home/chintu/ur_ws/build/ur_sim/CMakeFiles/CMakeOutput.log".\n'}
[0.876181] (ur_sim) CommandEnded: {'returncode': 1}
[0.877255] (ur_sim) JobEnded: {'identifier': 'ur_sim', 'rc': 1}
[0.878407] (-) EventReactorShutdown: {}
