[0.034s] Invoking command in '/home/chintu/ur_ws/build/ur_sim': /usr/bin/cmake /home/chintu/ur_ws/src/ur_sim -DCMAKE_INSTALL_PREFIX=/home/chintu/ur_ws/install/ur_sim
[0.055s] -- Found ament_cmake: 1.3.12 (/opt/ros/humble/share/ament_cmake/cmake)
[0.285s] -- Override CMake install command with custom implementation using symlinks instead of copying resources
[0.293s] -- Found xacro: 2.0.13 (/opt/ros/humble/share/xacro/cmake)
[0.293s] -- Found rclcpp: 16.0.14 (/opt/ros/humble/share/rclcpp/cmake)
[0.324s] -- Found rosidl_generator_c: 3.1.7 (/opt/ros/humble/share/rosidl_generator_c/cmake)
[0.326s] -- Found rosidl_adapter: 3.1.7 (/opt/ros/humble/share/rosidl_adapter/cmake)
[0.333s] -- Found rosidl_generator_cpp: 3.1.7 (/opt/ros/humble/share/rosidl_generator_cpp/cmake)
[0.344s] -- Using all available rosidl_typesupport_c: rosidl_typesupport_fastrtps_c;rosidl_typesupport_introspection_c
[0.357s] -- Using all available rosidl_typesupport_cpp: rosidl_typesupport_fastrtps_cpp;rosidl_typesupport_introspection_cpp
[0.393s] -- Found rmw_implementation_cmake: 6.1.2 (/opt/ros/humble/share/rmw_implementation_cmake/cmake)
[0.394s] -- Found rmw_fastrtps_cpp: 6.2.8 (/opt/ros/humble/share/rmw_fastrtps_cpp/cmake)
[0.515s] -- Using RMW implementation 'rmw_fastrtps_cpp' as default
[0.563s] -- Found trajectory_msgs: 4.9.0 (/opt/ros/humble/share/trajectory_msgs/cmake)
[0.586s] -- Found ament_lint_auto: 0.12.14 (/opt/ros/humble/share/ament_lint_auto/cmake)
[0.637s] Error parsing '/home/chintu/ur_ws/src/ur_sim/package.xml':
[0.686s] Traceback (most recent call last):
[0.686s]   File "/usr/lib/python3/dist-packages/catkin_pkg/package.py", line 610, in parse_package_string
[0.690s]     root = dom.parseString(data)
[0.690s]   File "/usr/lib/python3.10/xml/dom/minidom.py", line 2000, in parseString
[0.690s]     return expatbuilder.parseString(string)
[0.690s]   File "/usr/lib/python3.10/xml/dom/expatbuilder.py", line 925, in parseString
[0.690s]     return builder.parseString(string)
[0.690s]   File "/usr/lib/python3.10/xml/dom/expatbuilder.py", line 223, in parseString
[0.690s]     parser.Parse(string, True)
[0.691s] xml.parsers.expat.ExpatError: no element found: line 47, column 0
[0.691s] 
[0.691s] During handling of the above exception, another exception occurred:
[0.691s] 
[0.691s] Traceback (most recent call last):
[0.691s]   File "/opt/ros/humble/share/ament_cmake_core/cmake/core/package_xml_2_cmake.py", line 150, in <module>
[0.691s]     main()
[0.691s]   File "/opt/ros/humble/share/ament_cmake_core/cmake/core/package_xml_2_cmake.py", line 53, in main
[0.691s]     raise e
[0.691s]   File "/opt/ros/humble/share/ament_cmake_core/cmake/core/package_xml_2_cmake.py", line 49, in main
[0.691s]     package = parse_package_string(
[0.691s]   File "/usr/lib/python3/dist-packages/catkin_pkg/package.py", line 612, in parse_package_string
[0.691s]     raise InvalidPackage('The manifest contains invalid XML:\n%s' % ex, filename)
[0.691s] catkin_pkg.package.InvalidPackage: Error(s) in package '/home/chintu/ur_ws/src/ur_sim/package.xml':
[0.691s] The manifest contains invalid XML:
[0.691s] no element found: line 47, column 0
[0.730s] [31mCMake Error at /opt/ros/humble/share/ament_cmake_core/cmake/core/ament_package_xml.cmake:95 (message):
[0.731s]   execute_process(/usr/bin/python3
[0.731s]   /opt/ros/humble/share/ament_cmake_core/cmake/core/package_xml_2_cmake.py
[0.731s]   /home/chintu/ur_ws/src/ur_sim/package.xml
[0.731s]   /home/chintu/ur_ws/build/ur_sim/ament_cmake_core/package.cmake) returned
[0.731s]   error code 1
[0.731s] Call Stack (most recent call first):
[0.731s]   /opt/ros/humble/share/ament_cmake_core/cmake/core/ament_package_xml.cmake:49 (_ament_package_xml)
[0.731s]   /opt/ros/humble/share/ament_lint_auto/cmake/ament_lint_auto_find_test_dependencies.cmake:31 (ament_package_xml)
[0.731s]   CMakeLists.txt:24 (ament_lint_auto_find_test_dependencies)
[0.731s] 
[0.732s] [0m
[0.732s] -- Configuring incomplete, errors occurred!
[0.732s] See also "/home/chintu/ur_ws/build/ur_sim/CMakeFiles/CMakeOutput.log".
[0.744s] Invoked command in '/home/chintu/ur_ws/build/ur_sim' returned '1': /usr/bin/cmake /home/chintu/ur_ws/src/ur_sim -DCMAKE_INSTALL_PREFIX=/home/chintu/ur_ws/install/ur_sim
